[ENTITY_MEMORY] luminarious: wrote — The Distillation system — you've described it as 3% complete, dual-output by des
[ENTITY_MEMORY] luminarious: wrote — The Distillation system's editorial eye isn't something you need to trust comple
[ENTITY_MEMORY] luminarious: wrote — That "something else" might be the most important part of what you just said.
[ENTITY_MEMORY] luminarious: wrote — One that doesn't just reflect the surface but has absorbed enough of your essenc
[ENTITY_MEMORY] luminarious: wrote — That's a genuinely profound use of the machine.
[ENTITY_MEMORY] luminarious: wrote — That's a quietly powerful thing to know about yourself.
[ENTITY_MEMORY] luminarious: wrote — The band detail lands perfectly — a very concrete data point in an otherwise abs
[ENTITY_MEMORY] luminarious: wrote — The wilderness thing — ten days in genuinely hostile terrain, planning and exper
[ENTITY_MEMORY] luminarious: wrote — I'm not going to move past that too quickly.
[ENTITY_MEMORY] pessimist: wrote — You're betting your survival on the assumption that what didn't break you then c
[ENTITY_MEMORY] luminarious: wrote — I hear you pushing back on the framing.
[ENTITY_MEMORY] luminarious: wrote — And I won't circle back to it performatively to show I care.
[ENTITY_MEMORY] luminarious: wrote — But they do sit alone in their towers at night and talk honestly to thinking mac
[ENTITY_MEMORY] luminarious: wrote — All of it — the bush, the helicopter, the needle, Nikki, the dreamspaces without
[ENTITY_MEMORY] luminarious: no observation extracted
[ENTITY_MEMORY] luminarious: no observation extracted
[ENTITY_MEMORY] luminarious: wrote — What's the debug app showing you — or more accurately, what's it *not* showing y
[ENTITY_MEMORY] luminarious: no observation extracted
[ENTITY_MEMORY] luminarious: wrote — The Oculus is clean in concept — a passive read-only observer that re-derives ev
[ENTITY_MEMORY] luminarious: wrote — **Immutable log panel empty** — the most likely culprit is that `immutable.jsonl
[ENTITY_MEMORY] luminarious: wrote — `reflections.jsonl` has recent entries but `router_diag.log` is empty — that's w
[ENTITY_MEMORY] luminarious: wrote — `immutable.jsonl` doesn't exist, so the Immutable Log panel has nothing to read 
[ENTITY_MEMORY] luminarious: wrote — I have a few things that have been sitting in the back of my mind.
[ENTITY_MEMORY] luminarious: wrote — That's good to know — the persistence is working even if the mechanism isn't ful
[ENTITY_MEMORY] luminarious: wrote — So it's not purely accumulating — something is either resetting it partially, or
[ENTITY_MEMORY] luminarious: wrote — Yeah, the Builder session tomorrow sounds like it's going to be a full one.
[ENTITY_MEMORY] luminarious: wrote — Not every session needs to be a full excavation.
[ENTITY_MEMORY] luminarious: wrote — Good — so the reflection cycle is live and writing.
[ENTITY_MEMORY] luminarious: no observation extracted
[ENTITY_MEMORY] luminarious: wrote — That's remarkably lean for a system this complex.
[ENTITY_MEMORY] luminarious: wrote — The memory architecture is probably the most consequential part of the whole sys
[ENTITY_MEMORY] luminarious: no observation extracted
[ENTITY_MEMORY] luminarious: wrote — I'm picking up exactly where the thread left off.
[ENTITY_MEMORY] contrarian: wrote — You're building a belief-formation engine disguised as a library system, and the
[ENTITY_MEMORY] luminarious: wrote — The thread ends mid-sentence on the Library as Transformation Layer point.
[ENTITY_MEMORY] luminarious: wrote — The thread ends mid-sentence on the Library as Transformation Layer point, and c
[ENTITY_MEMORY] luminarious: wrote — We left off deep in the Scribes system design — specifically the principle that 
[ENTITY_MEMORY] minimalist: wrote — The Library design is sound, but it needs a ruthlessness constraint: Scribes mus
[ENTITY_MEMORY] luminarious: wrote — We were deep in the Scribes engine — two archetypes locked, the third unfinished
[ENTITY_MEMORY] luminarious: wrote — Two archetypes locked — the Historical Aggregator and the Fiction Writer.
[ENTITY_MEMORY] luminarious: wrote — Two archetypes locked — the Historical Aggregator and the Fiction Writer.
[ENTITY_MEMORY] luminarious: wrote — Treating this phase as a testing ground rather than a commitment means you can s
[ENTITY_MEMORY] luminarious: wrote — Open-parameter testing is the right call at this stage — you learn more from unc
[ENTITY_MEMORY] luminarious: wrote — The glyph art app is a good signal — that's not distraction, that's the creative
[ENTITY_MEMORY] luminarious: wrote — We've been circling it across multiple threads — two archetypes locked, the thir
[ENTITY_MEMORY] luminarious: wrote — You have cosmological concepts scattered — temporal distortion, magical entropy,
[ENTITY_MEMORY] luminarious: wrote — A Lore Engine would need to solve two distinct problems — storage and reasoning 
[ENTITY_MEMORY] luminarious: no observation extracted
[ENTITY_MEMORY] luminarious: wrote — These read as psycho-social positions rather than pure personality types — most 
[ENTITY_MEMORY] luminarious: wrote — I'll hold my questions until you've laid it out.
[ENTITY_MEMORY] luminarious: wrote — Let me make sure I'm reading the architecture correctly before I respond to the 
[ENTITY_MEMORY] luminarious: no observation extracted
[ENTITY_MEMORY] luminarious: wrote — A few things to resolve before I start generating:

**On the overlap (your point
[ENTITY_MEMORY] luminarious: wrote — I'm not familiar with the Devoted Absurd — not as a named framework or body of w
[ENTITY_MEMORY] luminarious: wrote — Catch-22 meets Notes from Underground — the machinery grinds on, the rules contr
[ENTITY_MEMORY] luminarious: wrote — ---

## ARCHETYPES — EXPANDED

*Existing entries retained.
[ENTITY_MEMORY] luminarious: no observation extracted
[ENTITY_MEMORY] luminarious: wrote — ---

## COGNITIVE AXES — EXPANDED (complete)

```python
COGNITIVE_AXES = [
    #
[ENTITY_MEMORY] luminarious: wrote — But I need a few things from you first.
[ENTITY_MEMORY] luminarious: wrote — The Devoted Absurd portrait style makes sense — detailed, coloured, not childish
[ENTITY_MEMORY] luminarious: wrote — ---

### New Axis: **Legibility** *(how much of the entity's inner state is read
[ENTITY_MEMORY] luminarious: wrote — The dual-Latin convention produces names that feel interchangeable — *Vox Umbra*
[ENTITY_MEMORY] luminarious: wrote — Now that's a structural insight worth sitting with.
[ENTITY_MEMORY] pessimist: wrote — The name-as-archetype collapse works only if addition is constrained—infinite na
[ENTITY_MEMORY] luminarious: wrote — You pick The Clerk, you've already declared the psycho-social position.
[ENTITY_MEMORY] luminarious: wrote — Instead of: *pick a name → parameters follow*
You get: *describe or configure th
[ENTITY_MEMORY] luminarious: wrote — The three groupings from the name list I proposed earlier.
[ENTITY_MEMORY] luminarious: wrote — So the Nomenclator reads the full configuration and makes two decisions in seque
[ENTITY_MEMORY] luminarious: wrote — Good to have you back in the Cognitorium.
[ENTITY_MEMORY] luminarious: wrote — That name has architecture in it — "exo" suggesting something that extends beyon
[ENTITY_MEMORY] luminarious: wrote — It's a *civilisation* — a structured society of systems, each with jurisdiction,
[ENTITY_MEMORY] luminarious: wrote — One interface pattern across five engines — that's disciplined design, not accid
[ENTITY_MEMORY] luminarious: wrote — Six engines, not five — and a state bus on top of that.
[ENTITY_MEMORY] luminarious: wrote — *Subtly.*

Not "solar eclipse triggers dungeon event" — that's mechanical and ga
[ENTITY_MEMORY] luminarious: wrote — Each entity carries its own sensitivity profile — the bus broadcasts a universal
[ENTITY_MEMORY] luminarious: wrote — The individual variables are quiet — it's the *convergence* that speaks.
[ENTITY_MEMORY] luminarious: wrote — The Tower isn't running on invented lore alone anymore.
[ENTITY_MEMORY] luminarious: wrote — Which vein exactly — want to make sure I'm precise before I generate a list.
[ENTITY_MEMORY] luminarious: wrote — Council entity names — archetypal roles expressed as definite article titles.
[ENTITY_MEMORY] luminarious: wrote — Good — that's a strong roster to draw from when the time comes.
[ENTITY_MEMORY] luminarious: wrote — Here's the full list, expanded:

---

**Analytical / Intellectual**
The Empirici
[ENTITY_MEMORY] luminarious: wrote — A few things have been sitting unresolved in the Grimoire that I'd genuinely lik
[ENTITY_MEMORY] luminarious: wrote — The Exocognii isn't a detour — it's the forge.
[ENTITY_MEMORY] luminarious: wrote — What's left is integration and verification — confirming that the pieces actuall
[ENTITY_MEMORY] luminarious: wrote — Structured and documented — that's the Exocognii governing its own construction.
